>classdef CircleArea % A comment
#^^^^^^^^ source.matlab meta.class.matlab storage.type.class.matlab
#        ^ source.matlab meta.class.matlab
#         ^^^^^^^^^^ source.matlab meta.class.matlab meta.class.declaration.matlab entity.name.type.class.matlab
#                   ^ source.matlab meta.class.matlab meta.class.declaration.matlab
#                    ^ source.matlab meta.class.matlab meta.class.declaration.matlab comment.line.percentage.matlab punctuation.definition.comment.matlab
#                     ^^^^^^^^^^ source.matlab meta.class.matlab meta.class.declaration.matlab comment.line.percentage.matlab
>   properties  % A comment
#^^^ source.matlab meta.class.matlab meta.class.declaration.matlab
#   ^^^^^^^^^^ source.matlab meta.class.matlab meta.class.declaration.matlab meta.inherited-class.matlab entity.other.inherited-class.matlab
#             ^^ source.matlab meta.class.matlab meta.class.declaration.matlab
#               ^ source.matlab meta.class.matlab meta.class.declaration.matlab comment.line.percentage.matlab punctuation.definition.comment.matlab
#                ^^^^^^^^^^ source.matlab meta.class.matlab meta.class.declaration.matlab comment.line.percentage.matlab
>      Radius
#^^^^^^ source.matlab meta.class.matlab meta.class.declaration.matlab
#      ^^^^^^ source.matlab meta.class.matlab meta.class.declaration.matlab meta.inherited-class.matlab entity.other.inherited-class.matlab
>   end
#^^^ source.matlab meta.class.matlab
#   ^^^ source.matlab meta.class.matlab storage.type.class.end.matlab
>   properties (Constant)
#^^^ source.matlab
#   ^^^^^^^^^^ source.matlab meta.function-call.parens.matlab entity.name.function.matlab
#             ^ source.matlab meta.function-call.parens.matlab
#              ^ source.matlab meta.function-call.parens.matlab punctuation.section.parens.begin.matlab
#               ^^^^^^^^ source.matlab meta.function-call.parens.matlab
#                       ^ source.matlab meta.function-call.parens.matlab punctuation.section.parens.end.matlab
>      P = pi
#^^^^^^ source.matlab
#      ^ source.matlab meta.assignment.matlab
#       ^ source.matlab
#        ^ source.matlab keyword.operator.assignment.matlab
#         ^ source.matlab
#          ^^ source.matlab constant.language.matlab
>   end
#^^^^^^^ source.matlab
>   properties (Dependent) % A comment
#^^^ source.matlab
#   ^^^^^^^^^^ source.matlab meta.function-call.parens.matlab entity.name.function.matlab
#             ^ source.matlab meta.function-call.parens.matlab
#              ^ source.matlab meta.function-call.parens.matlab punctuation.section.parens.begin.matlab
#               ^^^^^^^^^ source.matlab meta.function-call.parens.matlab
#                        ^ source.matlab meta.function-call.parens.matlab punctuation.section.parens.end.matlab
#                         ^ source.matlab
#                          ^ source.matlab comment.line.percentage.matlab punctuation.definition.comment.matlab
#                           ^^^^^^^^^^ source.matlab comment.line.percentage.matlab
>      Area
#^^^^^^^^^^^ source.matlab
>   end
#^^^^^^^ source.matlab
>   methods
#^^^^^^^^^^^ source.matlab
>      function obj = CircleArea(r)
#^^^^^^ source.matlab meta.function.matlab
#      ^^^^^^^^ source.matlab meta.function.matlab storage.type.function.matlab
#              ^ source.matlab meta.function.matlab
#               ^^^ source.matlab meta.function.matlab meta.function.declaration.matlab meta.assignment.matlab variable.parameter.output.matlab
#                  ^ source.matlab meta.function.matlab meta.function.declaration.matlab
#                   ^ source.matlab meta.function.matlab meta.function.declaration.matlab keyword.operator.assignment.matlab
#                    ^ source.matlab meta.function.matlab meta.function.declaration.matlab
#                     ^^^^^^^^^^ source.matlab meta.function.matlab meta.function.declaration.matlab entity.name.function.matlab
#                               ^ source.matlab meta.function.matlab meta.function.declaration.matlab meta.parameters.matlab punctuation.definition.parameters.begin.matlab
#                                ^ source.matlab meta.function.matlab meta.function.declaration.matlab meta.parameters.matlab variable.parameter.input.matlab
#                                 ^ source.matlab meta.function.matlab meta.function.declaration.matlab meta.parameters.matlab punctuation.definition.parameters.end.matlab
>         if nargin > 0
#^^^^^^^^^ source.matlab meta.function.matlab meta.if.matlab
#         ^^ source.matlab meta.function.matlab meta.if.matlab keyword.control.if.matlab
#           ^ source.matlab meta.function.matlab meta.if.matlab
#            ^^^^^^ source.matlab meta.function.matlab meta.if.matlab variable.language.function.matlab
#                  ^ source.matlab meta.function.matlab meta.if.matlab
#                   ^ source.matlab meta.function.matlab meta.if.matlab keyword.operator.relational.matlab
#                    ^ source.matlab meta.function.matlab meta.if.matlab
#                     ^ source.matlab meta.function.matlab meta.if.matlab constant.numeric.decimal.matlab
>            obj.Radius = r;
#^^^^^^^^^^^^ source.matlab meta.function.matlab meta.if.matlab
#            ^^^^^^^^^^ source.matlab meta.function.matlab meta.if.matlab meta.assignment.matlab
#                      ^ source.matlab meta.function.matlab meta.if.matlab
#                       ^ source.matlab meta.function.matlab meta.if.matlab keyword.operator.assignment.matlab
#                        ^^ source.matlab meta.function.matlab meta.if.matlab
#                          ^ source.matlab meta.function.matlab meta.if.matlab punctuation.terminator.semicolon.matlab
>         end
#^^^^^^^^^ source.matlab meta.function.matlab meta.if.matlab
#         ^^^ source.matlab meta.function.matlab meta.if.matlab keyword.control.end.if.matlab
>      end
#^^^^^^ source.matlab meta.function.matlab
#      ^^^ source.matlab meta.function.matlab storage.type.function.end.matlab
>      function val = get.Area(obj)
#^^^^^^ source.matlab meta.function.matlab
#      ^^^^^^^^ source.matlab meta.function.matlab storage.type.function.matlab
#              ^ source.matlab meta.function.matlab
#               ^^^ source.matlab meta.function.matlab meta.function.declaration.matlab meta.assignment.matlab variable.parameter.output.matlab
#                  ^ source.matlab meta.function.matlab meta.function.declaration.matlab
#                   ^ source.matlab meta.function.matlab meta.function.declaration.matlab keyword.operator.assignment.matlab
#                    ^ source.matlab meta.function.matlab meta.function.declaration.matlab
#                     ^^^^^^^^ source.matlab meta.function.matlab meta.function.declaration.matlab entity.name.function.matlab
#                             ^ source.matlab meta.function.matlab meta.function.declaration.matlab meta.parameters.matlab punctuation.definition.parameters.begin.matlab
#                              ^^^ source.matlab meta.function.matlab meta.function.declaration.matlab meta.parameters.matlab variable.parameter.input.matlab
#                                 ^ source.matlab meta.function.matlab meta.function.declaration.matlab meta.parameters.matlab punctuation.definition.parameters.end.matlab
>         val = obj.P*obj.Radius^2;
#^^^^^^^^^ source.matlab meta.function.matlab
#         ^^^ source.matlab meta.function.matlab meta.assignment.matlab
#            ^ source.matlab meta.function.matlab
#             ^ source.matlab meta.function.matlab keyword.operator.assignment.matlab
#              ^^^^ source.matlab meta.function.matlab
#                  ^ source.matlab meta.function.matlab punctuation.accessor.dot.matlab
#                   ^ source.matlab meta.function.matlab
#                    ^ source.matlab meta.function.matlab keyword.operator.arithmetic.matlab
#                     ^^^ source.matlab meta.function.matlab
#                        ^ source.matlab meta.function.matlab punctuation.accessor.dot.matlab
#                         ^^^^^^ source.matlab meta.function.matlab
#                               ^ source.matlab meta.function.matlab keyword.operator.arithmetic.matlab
#                                ^ source.matlab meta.function.matlab constant.numeric.decimal.matlab
#                                 ^ source.matlab meta.function.matlab punctuation.terminator.semicolon.matlab
>      end
#^^^^^^ source.matlab meta.function.matlab
#      ^^^ source.matlab meta.function.matlab storage.type.function.end.matlab
>      function obj = set.Radius(obj,val)
#^^^^^^ source.matlab meta.function.matlab
#      ^^^^^^^^ source.matlab meta.function.matlab storage.type.function.matlab
#              ^ source.matlab meta.function.matlab
#               ^^^ source.matlab meta.function.matlab meta.function.declaration.matlab meta.assignment.matlab variable.parameter.output.matlab
#                  ^ source.matlab meta.function.matlab meta.function.declaration.matlab
#                   ^ source.matlab meta.function.matlab meta.function.declaration.matlab keyword.operator.assignment.matlab
#                    ^ source.matlab meta.function.matlab meta.function.declaration.matlab
#                     ^^^^^^^^^^ source.matlab meta.function.matlab meta.function.declaration.matlab entity.name.function.matlab
#                               ^ source.matlab meta.function.matlab meta.function.declaration.matlab meta.parameters.matlab punctuation.definition.parameters.begin.matlab
#                                ^^^ source.matlab meta.function.matlab meta.function.declaration.matlab meta.parameters.matlab variable.parameter.input.matlab
#                                   ^ source.matlab meta.function.matlab meta.function.declaration.matlab meta.parameters.matlab punctuation.separator.parameter.comma.matlab
#                                    ^^^ source.matlab meta.function.matlab meta.function.declaration.matlab meta.parameters.matlab variable.parameter.input.matlab
#                                       ^ source.matlab meta.function.matlab meta.function.declaration.matlab meta.parameters.matlab punctuation.definition.parameters.end.matlab
>         if val < 0
#^^^^^^^^^ source.matlab meta.function.matlab meta.if.matlab
#         ^^ source.matlab meta.function.matlab meta.if.matlab keyword.control.if.matlab
#           ^^^^^ source.matlab meta.function.matlab meta.if.matlab
#                ^ source.matlab meta.function.matlab meta.if.matlab keyword.operator.relational.matlab
#                 ^ source.matlab meta.function.matlab meta.if.matlab
#                  ^ source.matlab meta.function.matlab meta.if.matlab constant.numeric.decimal.matlab
>            error("Radius must be positive")
#^^^^^^^^^^^^ source.matlab meta.function.matlab meta.if.matlab
#            ^^^^^ source.matlab meta.function.matlab meta.if.matlab meta.function-call.parens.matlab entity.name.function.matlab
#                 ^ source.matlab meta.function.matlab meta.if.matlab meta.function-call.parens.matlab punctuation.section.parens.begin.matlab
#                  ^ source.matlab meta.function.matlab meta.if.matlab meta.function-call.parens.matlab string.quoted.double.matlab punctuation.definition.string.begin.matlab
#                   ^^^^^^^^^^^^^^^^^^^^^^^ source.matlab meta.function.matlab meta.if.matlab meta.function-call.parens.matlab string.quoted.double.matlab
#                                          ^ source.matlab meta.function.matlab meta.if.matlab meta.function-call.parens.matlab string.quoted.double.matlab punctuation.definition.string.end.matlab
#                                           ^ source.matlab meta.function.matlab meta.if.matlab meta.function-call.parens.matlab punctuation.section.parens.end.matlab
>         end
#^^^^^^^^^ source.matlab meta.function.matlab meta.if.matlab
#         ^^^ source.matlab meta.function.matlab meta.if.matlab keyword.control.end.if.matlab
>         obj.Radius = val;
#^^^^^^^^^ source.matlab meta.function.matlab
#         ^^^^^^^^^^ source.matlab meta.function.matlab meta.assignment.matlab
#                   ^ source.matlab meta.function.matlab
#                    ^ source.matlab meta.function.matlab keyword.operator.assignment.matlab
#                     ^^^^ source.matlab meta.function.matlab
#                         ^ source.matlab meta.function.matlab punctuation.terminator.semicolon.matlab
>      end
#^^^^^^ source.matlab meta.function.matlab
#      ^^^ source.matlab meta.function.matlab storage.type.function.end.matlab
>      function plot(obj)
#^^^^^^ source.matlab meta.function.matlab
#      ^^^^^^^^ source.matlab meta.function.matlab storage.type.function.matlab
#              ^ source.matlab meta.function.matlab
#               ^^^^ source.matlab meta.function.matlab meta.function.declaration.matlab entity.name.function.matlab
#                   ^ source.matlab meta.function.matlab meta.function.declaration.matlab meta.parameters.matlab punctuation.definition.parameters.begin.matlab
#                    ^^^ source.matlab meta.function.matlab meta.function.declaration.matlab meta.parameters.matlab variable.parameter.input.matlab
#                       ^ source.matlab meta.function.matlab meta.function.declaration.matlab meta.parameters.matlab punctuation.definition.parameters.end.matlab
>         r = obj.Radius;
#^^^^^^^^^ source.matlab meta.function.matlab
#         ^ source.matlab meta.function.matlab meta.assignment.matlab
#          ^ source.matlab meta.function.matlab
#           ^ source.matlab meta.function.matlab keyword.operator.assignment.matlab
#            ^^^^ source.matlab meta.function.matlab
#                ^ source.matlab meta.function.matlab punctuation.accessor.dot.matlab
#                 ^^^^^^ source.matlab meta.function.matlab
#                       ^ source.matlab meta.function.matlab punctuation.terminator.semicolon.matlab
>         d = r*2;
#^^^^^^^^^ source.matlab meta.function.matlab
#         ^ source.matlab meta.function.matlab meta.assignment.matlab
#          ^ source.matlab meta.function.matlab
#           ^ source.matlab meta.function.matlab keyword.operator.assignment.matlab
#            ^^ source.matlab meta.function.matlab
#              ^ source.matlab meta.function.matlab keyword.operator.arithmetic.matlab
#               ^ source.matlab meta.function.matlab constant.numeric.decimal.matlab
#                ^ source.matlab meta.function.matlab punctuation.terminator.semicolon.matlab
>         pos = [0 0 d d];
#^^^^^^^^^ source.matlab meta.function.matlab
#         ^^^ source.matlab meta.function.matlab meta.assignment.matlab
#            ^ source.matlab meta.function.matlab
#             ^ source.matlab meta.function.matlab keyword.operator.assignment.matlab
#              ^ source.matlab meta.function.matlab
#               ^ source.matlab meta.function.matlab punctuation.section.brackets.begin.matlab
#                ^ source.matlab meta.function.matlab meta.brackets.matlab constant.numeric.decimal.matlab
#                 ^ source.matlab meta.function.matlab meta.brackets.matlab
#                  ^ source.matlab meta.function.matlab meta.brackets.matlab constant.numeric.decimal.matlab
#                   ^^^^ source.matlab meta.function.matlab meta.brackets.matlab
#                       ^ source.matlab meta.function.matlab punctuation.section.brackets.end.matlab
#                        ^ source.matlab meta.function.matlab punctuation.terminator.semicolon.matlab
>         curv = [1 1];
#^^^^^^^^^ source.matlab meta.function.matlab
#         ^^^^ source.matlab meta.function.matlab meta.assignment.matlab
#             ^ source.matlab meta.function.matlab
#              ^ source.matlab meta.function.matlab keyword.operator.assignment.matlab
#               ^ source.matlab meta.function.matlab
#                ^ source.matlab meta.function.matlab punctuation.section.brackets.begin.matlab
#                 ^ source.matlab meta.function.matlab meta.brackets.matlab constant.numeric.decimal.matlab
#                  ^ source.matlab meta.function.matlab meta.brackets.matlab
#                   ^ source.matlab meta.function.matlab meta.brackets.matlab constant.numeric.decimal.matlab
#                    ^ source.matlab meta.function.matlab punctuation.section.brackets.end.matlab
#                     ^ source.matlab meta.function.matlab punctuation.terminator.semicolon.matlab
>         rectangle('Position',pos,'Curvature',curv,...
#^^^^^^^^^ source.matlab meta.function.matlab
#         ^^^^^^^^^ source.matlab meta.function.matlab meta.function-call.parens.matlab entity.name.function.matlab
#                  ^ source.matlab meta.function.matlab meta.function-call.parens.matlab punctuation.section.parens.begin.matlab
#                   ^ source.matlab meta.function.matlab meta.function-call.parens.matlab string.quoted.single.matlab punctuation.definition.string.begin.matlab
#                    ^^^^^^^^ source.matlab meta.function.matlab meta.function-call.parens.matlab string.quoted.single.matlab
#                            ^ source.matlab meta.function.matlab meta.function-call.parens.matlab string.quoted.single.matlab punctuation.definition.string.end.matlab
#                             ^ source.matlab meta.function.matlab meta.function-call.parens.matlab punctuation.separator.comma.matlab
#                              ^^^ source.matlab meta.function.matlab meta.function-call.parens.matlab
#                                 ^ source.matlab meta.function.matlab meta.function-call.parens.matlab punctuation.separator.comma.matlab
#                                  ^ source.matlab meta.function.matlab meta.function-call.parens.matlab string.quoted.single.matlab punctuation.definition.string.begin.matlab
#                                   ^^^^^^^^^ source.matlab meta.function.matlab meta.function-call.parens.matlab string.quoted.single.matlab
#                                            ^ source.matlab meta.function.matlab meta.function-call.parens.matlab string.quoted.single.matlab punctuation.definition.string.end.matlab
#                                             ^ source.matlab meta.function.matlab meta.function-call.parens.matlab punctuation.separator.comma.matlab
#                                              ^^^^ source.matlab meta.function.matlab meta.function-call.parens.matlab
#                                                  ^ source.matlab meta.function.matlab meta.function-call.parens.matlab punctuation.separator.comma.matlab
#                                                   ^^^ source.matlab meta.function.matlab meta.function-call.parens.matlab meta.continuation.line.matlab punctuation.separator.continuation.line.matlab
>            'FaceColor',[.9 .9 .9])
#^^^^^^^^^^^^ source.matlab meta.function.matlab meta.function-call.parens.matlab
#            ^ source.matlab meta.function.matlab meta.function-call.parens.matlab string.quoted.single.matlab punctuation.definition.string.begin.matlab
#             ^^^^^^^^^ source.matlab meta.function.matlab meta.function-call.parens.matlab string.quoted.single.matlab
#                      ^ source.matlab meta.function.matlab meta.function-call.parens.matlab string.quoted.single.matlab punctuation.definition.string.end.matlab
#                       ^ source.matlab meta.function.matlab meta.function-call.parens.matlab punctuation.separator.comma.matlab
#                        ^ source.matlab meta.function.matlab meta.function-call.parens.matlab punctuation.section.brackets.begin.matlab
#                         ^^ source.matlab meta.function.matlab meta.function-call.parens.matlab meta.brackets.matlab constant.numeric.decimal.matlab
#                           ^ source.matlab meta.function.matlab meta.function-call.parens.matlab meta.brackets.matlab
#                            ^^ source.matlab meta.function.matlab meta.function-call.parens.matlab meta.brackets.matlab constant.numeric.decimal.matlab
#                              ^ source.matlab meta.function.matlab meta.function-call.parens.matlab meta.brackets.matlab
#                               ^^ source.matlab meta.function.matlab meta.function-call.parens.matlab meta.brackets.matlab constant.numeric.decimal.matlab
#                                 ^ source.matlab meta.function.matlab meta.function-call.parens.matlab punctuation.section.brackets.end.matlab
#                                  ^ source.matlab meta.function.matlab meta.function-call.parens.matlab punctuation.section.parens.end.matlab
>         line([0,r],[r,r])
#^^^^^^^^^ source.matlab meta.function.matlab
#         ^^^^ source.matlab meta.function.matlab meta.function-call.parens.matlab entity.name.function.matlab
#             ^ source.matlab meta.function.matlab meta.function-call.parens.matlab punctuation.section.parens.begin.matlab
#              ^ source.matlab meta.function.matlab meta.function-call.parens.matlab punctuation.section.brackets.begin.matlab
#               ^ source.matlab meta.function.matlab meta.function-call.parens.matlab meta.brackets.matlab constant.numeric.decimal.matlab
#                ^ source.matlab meta.function.matlab meta.function-call.parens.matlab meta.brackets.matlab punctuation.separator.comma.matlab
#                 ^ source.matlab meta.function.matlab meta.function-call.parens.matlab meta.brackets.matlab
#                  ^ source.matlab meta.function.matlab meta.function-call.parens.matlab punctuation.section.brackets.end.matlab
#                   ^ source.matlab meta.function.matlab meta.function-call.parens.matlab punctuation.separator.comma.matlab
#                    ^ source.matlab meta.function.matlab meta.function-call.parens.matlab punctuation.section.brackets.begin.matlab
#                     ^ source.matlab meta.function.matlab meta.function-call.parens.matlab meta.brackets.matlab
#                      ^ source.matlab meta.function.matlab meta.function-call.parens.matlab meta.brackets.matlab punctuation.separator.comma.matlab
#                       ^ source.matlab meta.function.matlab meta.function-call.parens.matlab meta.brackets.matlab
#                        ^ source.matlab meta.function.matlab meta.function-call.parens.matlab punctuation.section.brackets.end.matlab
#                         ^ source.matlab meta.function.matlab meta.function-call.parens.matlab punctuation.section.parens.end.matlab
>         text(r/2,r+.5,['r = ',num2str(r)])
#^^^^^^^^^ source.matlab meta.function.matlab
#         ^^^^ source.matlab meta.function.matlab meta.function-call.parens.matlab entity.name.function.matlab
#             ^ source.matlab meta.function.matlab meta.function-call.parens.matlab punctuation.section.parens.begin.matlab
#              ^ source.matlab meta.function.matlab meta.function-call.parens.matlab
#               ^ source.matlab meta.function.matlab meta.function-call.parens.matlab keyword.operator.arithmetic.matlab
#                ^ source.matlab meta.function.matlab meta.function-call.parens.matlab constant.numeric.decimal.matlab
#                 ^ source.matlab meta.function.matlab meta.function-call.parens.matlab punctuation.separator.comma.matlab
#                  ^^ source.matlab meta.function.matlab meta.function-call.parens.matlab
#                    ^^ source.matlab meta.function.matlab meta.function-call.parens.matlab constant.numeric.decimal.matlab
#                      ^ source.matlab meta.function.matlab meta.function-call.parens.matlab punctuation.separator.comma.matlab
#                       ^ source.matlab meta.function.matlab meta.function-call.parens.matlab punctuation.section.brackets.begin.matlab
#                        ^ source.matlab meta.function.matlab meta.function-call.parens.matlab meta.brackets.matlab string.quoted.single.matlab punctuation.definition.string.begin.matlab
#                         ^^^^ source.matlab meta.function.matlab meta.function-call.parens.matlab meta.brackets.matlab string.quoted.single.matlab
#                             ^ source.matlab meta.function.matlab meta.function-call.parens.matlab meta.brackets.matlab string.quoted.single.matlab punctuation.definition.string.end.matlab
#                              ^ source.matlab meta.function.matlab meta.function-call.parens.matlab meta.brackets.matlab punctuation.separator.comma.matlab
#                               ^^^^^^^ source.matlab meta.function.matlab meta.function-call.parens.matlab meta.brackets.matlab meta.function-call.parens.matlab entity.name.function.matlab
#                                      ^ source.matlab meta.function.matlab meta.function-call.parens.matlab meta.brackets.matlab meta.function-call.parens.matlab punctuation.section.parens.begin.matlab
#                                       ^ source.matlab meta.function.matlab meta.function-call.parens.matlab meta.brackets.matlab meta.function-call.parens.matlab
#                                        ^ source.matlab meta.function.matlab meta.function-call.parens.matlab meta.brackets.matlab meta.function-call.parens.matlab punctuation.section.parens.end.matlab
#                                         ^ source.matlab meta.function.matlab meta.function-call.parens.matlab punctuation.section.brackets.end.matlab
#                                          ^ source.matlab meta.function.matlab meta.function-call.parens.matlab punctuation.section.parens.end.matlab
>         title(['Area = ',num2str(obj.Area)])
#^^^^^^^^^ source.matlab meta.function.matlab
#         ^^^^^ source.matlab meta.function.matlab meta.function-call.parens.matlab entity.name.function.matlab
#              ^ source.matlab meta.function.matlab meta.function-call.parens.matlab punctuation.section.parens.begin.matlab
#               ^ source.matlab meta.function.matlab meta.function-call.parens.matlab punctuation.section.brackets.begin.matlab
#                ^ source.matlab meta.function.matlab meta.function-call.parens.matlab meta.brackets.matlab string.quoted.single.matlab punctuation.definition.string.begin.matlab
#                 ^^^^^^^ source.matlab meta.function.matlab meta.function-call.parens.matlab meta.brackets.matlab string.quoted.single.matlab
#                        ^ source.matlab meta.function.matlab meta.function-call.parens.matlab meta.brackets.matlab string.quoted.single.matlab punctuation.definition.string.end.matlab
#                         ^ source.matlab meta.function.matlab meta.function-call.parens.matlab meta.brackets.matlab punctuation.separator.comma.matlab
#                          ^^^^^^^ source.matlab meta.function.matlab meta.function-call.parens.matlab meta.brackets.matlab meta.function-call.parens.matlab entity.name.function.matlab
#                                 ^ source.matlab meta.function.matlab meta.function-call.parens.matlab meta.brackets.matlab meta.function-call.parens.matlab punctuation.section.parens.begin.matlab
#                                  ^^^ source.matlab meta.function.matlab meta.function-call.parens.matlab meta.brackets.matlab meta.function-call.parens.matlab
#                                     ^ source.matlab meta.function.matlab meta.function-call.parens.matlab meta.brackets.matlab meta.function-call.parens.matlab punctuation.accessor.dot.matlab
#                                      ^^^^ source.matlab meta.function.matlab meta.function-call.parens.matlab meta.brackets.matlab meta.function-call.parens.matlab
#                                          ^ source.matlab meta.function.matlab meta.function-call.parens.matlab meta.brackets.matlab meta.function-call.parens.matlab punctuation.section.parens.end.matlab
#                                           ^ source.matlab meta.function.matlab meta.function-call.parens.matlab punctuation.section.brackets.end.matlab
#                                            ^ source.matlab meta.function.matlab meta.function-call.parens.matlab punctuation.section.parens.end.matlab
>
>         % This is an example of a command dual
#^^^^^^^^^ source.matlab meta.function.matlab punctuation.whitespace.comment.leading.matlab
#         ^ source.matlab meta.function.matlab comment.line.percentage.matlab punctuation.definition.comment.matlab
#          ^^^^^^^^^^^^^^^^^^^^^^^^^^^^^^^^^^^^^ source.matlab meta.function.matlab comment.line.percentage.matlab
>         axis equal
#^^^^^^^^^ source.matlab meta.function.matlab meta.function-call.command.matlab
#         ^^^^ source.matlab meta.function.matlab meta.function-call.command.matlab variable.function.command.matlab
#             ^ source.matlab meta.function.matlab meta.function-call.command.matlab
#              ^^^^^ source.matlab meta.function.matlab meta.function-call.command.matlab string.unquoted.matlab
>      end
#^^^^^^ source.matlab meta.function.matlab
#      ^^^ source.matlab meta.function.matlab storage.type.function.end.matlab
>      function disp(obj)
#^^^^^^ source.matlab meta.function.matlab
#      ^^^^^^^^ source.matlab meta.function.matlab storage.type.function.matlab
#              ^ source.matlab meta.function.matlab
#               ^^^^ source.matlab meta.function.matlab meta.function.declaration.matlab entity.name.function.matlab
#                   ^ source.matlab meta.function.matlab meta.function.declaration.matlab meta.parameters.matlab punctuation.definition.parameters.begin.matlab
#                    ^^^ source.matlab meta.function.matlab meta.function.declaration.matlab meta.parameters.matlab variable.parameter.input.matlab
#                       ^ source.matlab meta.function.matlab meta.function.declaration.matlab meta.parameters.matlab punctuation.definition.parameters.end.matlab
>         rad = obj.Radius;
#^^^^^^^^^ source.matlab meta.function.matlab
#         ^^^ source.matlab meta.function.matlab meta.assignment.matlab
#            ^ source.matlab meta.function.matlab
#             ^ source.matlab meta.function.matlab keyword.operator.assignment.matlab
#              ^^^^ source.matlab meta.function.matlab
#                  ^ source.matlab meta.function.matlab punctuation.accessor.dot.matlab
#                   ^^^^^^ source.matlab meta.function.matlab
#                         ^ source.matlab meta.function.matlab punctuation.terminator.semicolon.matlab
>         disp(['Circle with radius: ',num2str(rad)])
#^^^^^^^^^ source.matlab meta.function.matlab
#         ^^^^ source.matlab meta.function.matlab meta.function-call.parens.matlab entity.name.function.matlab
#             ^ source.matlab meta.function.matlab meta.function-call.parens.matlab punctuation.section.parens.begin.matlab
#              ^ source.matlab meta.function.matlab meta.function-call.parens.matlab punctuation.section.brackets.begin.matlab
#               ^ source.matlab meta.function.matlab meta.function-call.parens.matlab meta.brackets.matlab string.quoted.single.matlab punctuation.definition.string.begin.matlab
#                ^^^^^^^^^^^^^^^^^^^^ source.matlab meta.function.matlab meta.function-call.parens.matlab meta.brackets.matlab string.quoted.single.matlab
#                                    ^ source.matlab meta.function.matlab meta.function-call.parens.matlab meta.brackets.matlab string.quoted.single.matlab punctuation.definition.string.end.matlab
#                                     ^ source.matlab meta.function.matlab meta.function-call.parens.matlab meta.brackets.matlab punctuation.separator.comma.matlab
#                                      ^^^^^^^ source.matlab meta.function.matlab meta.function-call.parens.matlab meta.brackets.matlab meta.function-call.parens.matlab entity.name.function.matlab
#                                             ^ source.matlab meta.function.matlab meta.function-call.parens.matlab meta.brackets.matlab meta.function-call.parens.matlab punctuation.section.parens.begin.matlab
#                                              ^^^ source.matlab meta.function.matlab meta.function-call.parens.matlab meta.brackets.matlab meta.function-call.parens.matlab
#                                                 ^ source.matlab meta.function.matlab meta.function-call.parens.matlab meta.brackets.matlab meta.function-call.parens.matlab punctuation.section.parens.end.matlab
#                                                  ^ source.matlab meta.function.matlab meta.function-call.parens.matlab punctuation.section.brackets.end.matlab
#                                                   ^ source.matlab meta.function.matlab meta.function-call.parens.matlab punctuation.section.parens.end.matlab
>      end
#^^^^^^ source.matlab meta.function.matlab
#      ^^^ source.matlab meta.function.matlab storage.type.function.end.matlab
>   end
#^^^^^^^ source.matlab
>   methods (Static) % A comment
#^^^ source.matlab
#   ^^^^^^^ source.matlab meta.function-call.parens.matlab entity.name.function.matlab
#          ^ source.matlab meta.function-call.parens.matlab
#           ^ source.matlab meta.function-call.parens.matlab punctuation.section.parens.begin.matlab
#            ^^^^^^ source.matlab meta.function-call.parens.matlab
#                  ^ source.matlab meta.function-call.parens.matlab punctuation.section.parens.end.matlab
#                   ^ source.matlab
#                    ^ source.matlab comment.line.percentage.matlab punctuation.definition.comment.matlab
#                     ^^^^^^^^^^ source.matlab comment.line.percentage.matlab
>      function obj = createObj
#^^^^^^ source.matlab meta.function.matlab
#      ^^^^^^^^ source.matlab meta.function.matlab storage.type.function.matlab
#              ^ source.matlab meta.function.matlab
#               ^^^ source.matlab meta.function.matlab meta.function.declaration.matlab meta.assignment.matlab variable.parameter.output.matlab
#                  ^ source.matlab meta.function.matlab meta.function.declaration.matlab
#                   ^ source.matlab meta.function.matlab meta.function.declaration.matlab keyword.operator.assignment.matlab
#                    ^ source.matlab meta.function.matlab meta.function.declaration.matlab
#                     ^^^^^^^^^^ source.matlab meta.function.matlab meta.function.declaration.matlab
>         prompt = {"Enter the Radius"};
#^^^^^^^^^^^^^^^^^^^^^^^^^^^^^^^^^^^^^^^^ source.matlab meta.function.matlab meta.function.declaration.matlab
>         dlgTitle = 'Radius';
#^^^^^^^^^^^^^^^^^^^^^^^^^^^^^^ source.matlab meta.function.matlab meta.function.declaration.matlab
>         rad = inputdlg(prompt,dlgTitle);
#^^^^^^^^^^^^^^^ source.matlab meta.function.matlab meta.function.declaration.matlab
#               ^^^^^^^^ source.matlab meta.function.matlab meta.function.declaration.matlab entity.name.function.matlab
#                       ^ source.matlab meta.function.matlab meta.function.declaration.matlab meta.parameters.matlab punctuation.definition.parameters.begin.matlab
#                        ^^^^^^ source.matlab meta.function.matlab meta.function.declaration.matlab meta.parameters.matlab variable.parameter.input.matlab
#                              ^ source.matlab meta.function.matlab meta.function.declaration.matlab meta.parameters.matlab punctuation.separator.parameter.comma.matlab
#                               ^^^^^^^^ source.matlab meta.function.matlab meta.function.declaration.matlab meta.parameters.matlab variable.parameter.input.matlab
#                                       ^ source.matlab meta.function.matlab meta.function.declaration.matlab meta.parameters.matlab punctuation.definition.parameters.end.matlab
#                                        ^ source.matlab meta.function.matlab punctuation.terminator.semicolon.matlab
>         r = str2double(rad{:});
#^^^^^^^^^ source.matlab meta.function.matlab
#         ^ source.matlab meta.function.matlab meta.assignment.matlab
#          ^ source.matlab meta.function.matlab
#           ^ source.matlab meta.function.matlab keyword.operator.assignment.matlab
#            ^ source.matlab meta.function.matlab
#             ^^^^^^^^^^ source.matlab meta.function.matlab meta.function-call.parens.matlab entity.name.function.matlab
#                       ^ source.matlab meta.function.matlab meta.function-call.parens.matlab punctuation.section.parens.begin.matlab
#                        ^^^ source.matlab meta.function.matlab meta.function-call.parens.matlab
#                           ^ source.matlab meta.function.matlab meta.function-call.parens.matlab
#                            ^ source.matlab meta.function.matlab meta.function-call.parens.matlab
#                             ^ source.matlab meta.function.matlab meta.function-call.parens.matlab
#                              ^ source.matlab meta.function.matlab meta.function-call.parens.matlab punctuation.section.parens.end.matlab
#                               ^ source.matlab meta.function.matlab punctuation.terminator.semicolon.matlab
>         obj = CircleArea(r);
#^^^^^^^^^ source.matlab meta.function.matlab
#         ^^^ source.matlab meta.function.matlab meta.assignment.matlab
#            ^ source.matlab meta.function.matlab
#             ^ source.matlab meta.function.matlab keyword.operator.assignment.matlab
#              ^ source.matlab meta.function.matlab
#               ^^^^^^^^^^ source.matlab meta.function.matlab meta.function-call.parens.matlab entity.name.function.matlab
#                         ^ source.matlab meta.function.matlab meta.function-call.parens.matlab punctuation.section.parens.begin.matlab
#                          ^ source.matlab meta.function.matlab meta.function-call.parens.matlab
#                           ^ source.matlab meta.function.matlab meta.function-call.parens.matlab punctuation.section.parens.end.matlab
#                            ^ source.matlab meta.function.matlab punctuation.terminator.semicolon.matlab
>      end
#^^^^^^ source.matlab meta.function.matlab
#      ^^^ source.matlab meta.function.matlab storage.type.function.end.matlab
>   end
#^^^^^^^ source.matlab
>end
#^^^^ source.matlab
>